// Jest Snapshot v1, https://goo.gl/fbAQLP

exports[`<header /> should work 1`] = `
<WithStyles(ForwardRef(AppBar))
  position="static"
>
  <WithStyles(ForwardRef(Toolbar))>
    <_default
      className="admin-btn"
      color="inherit"
      to="/"
    >
      <WithStyles(ForwardRef(Typography))
        variant="h6"
      >
        Home
      </WithStyles(ForwardRef(Typography))>
    </_default>
    <Styled(MuiBox)
      className="header-main-block"
      display="flex"
      justifyContent="flex-end"
      m={1}
    >
      <Styled(MuiBox)>
        <WithStyles(ForwardRef(Button))
          color="inherit"
          onClick={[Function]}
        >
          Login
        </WithStyles(ForwardRef(Button))>
      </Styled(MuiBox)>
    </Styled(MuiBox)>
  </WithStyles(ForwardRef(Toolbar))>
  <Connect(Auth) />
</WithStyles(ForwardRef(AppBar))>
`;
