// Jest Snapshot v1, https://goo.gl/fbAQLP

exports[`Header Header initial renders properly 1`] = `
<ContextProvider
  value={null}
>
  <Header
    Users={
      Object {
        "error": "",
        "isAuthorization": false,
        "jwt": "",
        "loading": true,
        "openWindowLogIn": false,
        "personalInfo": Object {
          "_id": "",
          "firstName": "",
          "isAdmin": false,
          "lastName": "",
          "login": "",
          "middleName": "",
        },
      }
    }
    openWindowAuth={[Function]}
    signOut={[Function]}
    store={
      Object {
        "clearActions": [Function],
        "dispatch": [Function],
        "getActions": [Function],
        "getState": [Function],
        "replaceReducer": [Function],
        "subscribe": [Function],
      }
    }
  />
</ContextProvider>
`;
